// Jest Snapshot v1, https://goo.gl/fbAQLP

exports[`<Main/> should render the heading 1`] = `
<main>
  <h1>
    mytrips
  </h1>
</main>
`;
